Konfiguracja gita: 

1) kuba@traktor:~/rails_projekty$ git config --global user.name "kuba"
2) kuba@traktor:~/rails_projekty$ git config --global user.email slunzok@gmail.com
3) kuba@traktor:~/rails_projekty$ git config --global alias.co checkout #optional
4) kuba@traktor:~/rails_projekty$ cd foobar
5) kuba@traktor:~/rails_projekty/foobar$ git init
Initialized empty Git repository in .git/
6) kuba@traktor:~/rails_projekty/foobar$ git add .
7) kuba@traktor:~/rails_projekty/foobar$ git status
# On branch master
#
# Initial commit
#
# Changes to be committed:
#   (use "git rm --cached <file>..." to unstage)
#
#	new file: .gitignore
#	new file: Gemfile
#	new file: Gemfile.lock
#	new file: README
#	new file: Rakefile
#	new file: app/assets/images/rails.png
#	new file: app/assets/javascripts/application.js
#	new file: app/assets/stylesheets/application.css
#	new file: app/controllers/application_controller.rb
#	new file: app/helpers/application_helper.rb
#	new file: app/mailers/.gitkeep
#	new file: app/models/.gitkeep
#	new file: app/views/layouts/application.html.erb
#	new file: config.ru
#	new file: config/application.rb
#	new file: config/boot.rb
#	new file: config/database.yml
#	new file: config/environment.rb
#	new file: config/environments/development.rb
#	new file: config/environments/production.rb
#	new file: config/environments/test.rb
#	new file: config/initializers/backtrace_silencers.rb
#	new file: config/initializers/inflections.rb
#	new file: config/initializers/mime_types.rb
#	new file: config/initializers/secret_token.rb
#	new file: config/initializers/session_store.rb
#	new file: config/initializers/wrap_parameters.rb
#	new file: config/locales/en.yml
#	new file: config/routes.rb
#	new file: db/seeds.rb
#	new file: doc/README_FOR_APP
#	new file: lib/assets/.gitkeep
#	new file: lib/tasks/.gitkeep
#	new file: log/.gitkeep
#	new file: public/404.html
#	new file: public/422.html
#	new file: public/500.html
#	new file: public/favicon.ico
#	new file: public/index.html
#	new file: public/robots.txt
#	new file: script/rails
#	new file: test/fixtures/.gitkeep
#	new file: test/functional/.gitkeep
#	new file: test/integration/.gitkeep
#	new file: test/performance/browsing_test.rb
#	new file: test/test_helper.rb
#	new file: test/unit/.gitkeep
#	new file: vendor/assets/stylesheets/.gitkeep
#	new file: vendor/plugins/.gitkeep
8) kuba@traktor:~/rails_projekty/foobar$ git commit -m "pierwszy commit"
Created initial commit 6e6129d: pierwszy commit
 37 files changed, 1145 insertions(+), 0 deletions(-)
 create mode 100644 .gitignore
 create mode 100644 Gemfile
 create mode 100644 Gemfile.lock
 create mode 100644 README
 create mode 100644 Rakefile
 create mode 100644 app/assets/images/rails.png
 create mode 100644 app/assets/javascripts/application.js
 create mode 100644 app/assets/stylesheets/application.css
 create mode 100644 app/controllers/application_controller.rb
 create mode 100644 app/helpers/application_helper.rb
 create mode 100644 app/mailers/.gitkeep
 create mode 100644 app/models/.gitkeep
 create mode 100644 app/views/layouts/application.html.erb
 create mode 100644 config.ru
 create mode 100644 config/application.rb
 create mode 100644 config/boot.rb
 create mode 100644 config/database.yml
 create mode 100644 config/environment.rb
 create mode 100644 config/environments/development.rb
 create mode 100644 config/environments/production.rb
 create mode 100644 config/environments/test.rb
 create mode 100644 config/initializers/backtrace_silencers.rb
 create mode 100644 config/initializers/inflections.rb
 create mode 100644 config/initializers/mime_types.rb
 create mode 100644 config/initializers/secret_token.rb
 create mode 100644 config/initializers/session_store.rb
 create mode 100644 config/initializers/wrap_parameters.rb
 create mode 100644 config/locales/en.yml
 create mode 100644 config/routes.rb
 create mode 100644 db/seeds.rb
 create mode 100644 doc/README_FOR_APP
 create mode 100644 lib/assets/.gitkeep
 create mode 100644 lib/tasks/.gitkeep
 create mode 100644 log/.gitkeep
 create mode 100644 public/404.html
 create mode 100644 public/422.html
 create mode 100644 public/500.html
 create mode 100644 public/favicon.ico
 create mode 100644 public/index.html
 create mode 100644 public/robots.txt
 create mode 100755 script/rails
 create mode 100644 test/fixtures/.gitkeep
 create mode 100644 test/functional/.gitkeep
 create mode 100644 test/integration/.gitkeep
 create mode 100644 test/performance/browsing_test.rb
 create mode 100644 test/test_helper.rb
 create mode 100644 test/unit/.gitkeep
 create mode 100644 vendor/assets/stylesheets/.gitkeep
 create mode 100644 vendor/plugins/.gitkeep
9) kuba@traktor:~/rails_projekty/foobar$ git log
commit 431a30262f40cf239db06bb300b5ba1a5528f04f
Author: kuba <slunzok@gmail.com>
Date:   Mon Dec 26 13:17:34 2011 +0100

    pierwszy commit

Zabawy z gitem: 

1) kuba@traktor:~/rails_projekty/foobar$ ls app/controllers/
application_controller.rb
2) kuba@traktor:~/rails_projekty/foobar$ rm -rf app/controllers/
3) kuba@traktor:~/rails_projekty/foobar$ ls app/controllers/
ls: cannot access app/controllers/: No such file or directory
4) kuba@traktor:~/rails_projekty/foobar$ git status
# On branch master
# Changed but not updated:
#   (use "git add/rm <file>..." to update what will be committed)
#
#	deleted:    app/controllers/application_controller.rb
#
no changes added to commit (use "git add" and/or "git commit -a")
4) kuba@traktor:~/rails_projekty/foobar$ git checkout -f #BARDZO WAZNE! przywrocenie poprzedniego commita
5) kuba@traktor:~/rails_projekty/foobar$ git status
# On branch master
nothing to commit (working directory clean)
6) kuba@traktor:~/rails_projekty/foobar$ ls app/controllers/
application_controller.rb

Konfiguracja GitHub.com:

1) Nalezy najpierw utworzyc repozytorium: https://github.com/repositories/new

Global setup:
 Set up git
  git config --global user.name "Your Name"
  git config --global user.email slunzok@gmail.com
Add your public key
      
Next steps:
  mkdir foobar
  cd foobar
  git init
  touch README
  git add README
  git commit -m 'first commit'
  git remote add origin git@github.com:slunzok/foobar.git
  git push -u origin master
      
Existing Git Repo?
  cd existing_git_repo
  git remote add origin git@github.com:slunzok/foobar.git
  git push -u origin master
  
2) kuba@traktor:~/rails_projekty/foobar$ cd ~/.ssh
3) kuba@traktor:~/.ssh$ ls
known_hosts
4) kuba@traktor:~/.ssh$ ssh-keygen -t rsa -C "slunzok@gmail.com"
Generating public/private rsa key pair.
Enter file in which to save the key (/home/kuba/.ssh/id_rsa): 
Enter passphrase (empty for no passphrase): 
Enter same passphrase again: 
Your identification has been saved in /home/kuba/.ssh/id_rsa.
Your public key has been saved in /home/kuba/.ssh/id_rsa.pub.
The key fingerprint is:
dc:2d:d2:9e:cd:8a:f3:e9:86:c3:2a:36:e5:45:24:43 slunzok@gmail.com
5) Na stronie: Account Settings -> SSH Public Keys ->  Add another public key (https://github.com/account/ssh) dodac nalezy swoj klucz (id_rsa.pub)
6) kuba@traktor:~/.ssh$ ssh -T git@github.com
Hi slunzok! You've successfully authenticated, but GitHub does not provide shell access.
7) kuba@traktor:~/rails_projekty/foobar$ git remote add origin git@github.com:slunzok/foobar.git
8) kuba@traktor:~/rails_projekty/foobar$ git push origin master
Counting objects: 63, done.
Compressing objects: 100% (48/48), done.
Writing objects: 100% (63/63), 25.11 KiB, done.
Total 63 (delta 2), reused 0 (delta 0)
To git@github.com:slunzok/foobar.git
 * [new branch]      master -> master
 
Obsluga Git i GitHub.com:

1) kuba@traktor:~/rails_projekty/foobar$ git checkout -b modify-README
M	README
Switched to a new branch "modify-README"
# branch master jest glowna, teraz nastepuje "kopiowanie" master i przelacze sie na branch "modify-README"
2) kuba@traktor:~/rails_projekty/foobar$ git branch
  master
* modify-README
# wyswietla wszystkie LOKALNE! branche
3) kuba@traktor:~/rails_projekty/foobar$ git mv README README.markdown
4) kuba@traktor:~/rails_projekty/foobar$ git status
# On branch modify-README
# Changes to be committed:
#   (use "git reset HEAD <file>..." to unstage)
#
#	deleted:    README
#	new file:   README.markdown
#
# Changed but not updated:
#   (use "git add <file>..." to update what will be committed)
#
#	modified:   README.markdown
5) kuba@traktor:~/rails_projekty/foobar$ git commit -a -m "second commit - changed readme file"
Created commit efedd6f: second commit - changed readme file
 2 files changed, 1 insertions(+), 261 deletions(-)
 delete mode 100644 README
 create mode 100644 README.markdown
6) kuba@traktor:~/rails_projekty/foobar$ git checkout master
Switched to branch "master"
7) kuba@traktor:~/rails_projekty/foobar$ git merge modify-README
Updating 8d6f240..efedd6f
Fast forward
 README          |  261 -------------------------------------------------------
 README.markdown |    1 +
 2 files changed, 1 insertions(+), 261 deletions(-)
 delete mode 100644 README
 create mode 100644 README.markdown
8) kuba@traktor:~/rails_projekty/foobar$ git branch -d modify-README
Deleted branch modify-README.
9) kuba@traktor:~/rails_projekty/foobar$ git push
Counting objects: 4, done.
Compressing objects: 100% (2/2), done.
Writing objects: 100% (3/3), 302 bytes, done.
Total 3 (delta 1), reused 0 (delta 0)
To git@github.com:slunzok/foobar.git
   8d6f240..efedd6f  master -> master
   
Wdrozenie na Heroku:

1) Wejsc na: http://api.heroku.com/signup
2) kuba@traktor:~/rails_projekty/foobar$ gem install heroku
3) kuba@traktor:~/rails_projekty/foobar$ heroku keys:add
Enter your Heroku credentials.
Email: slunzok@gmail.com
Password: 
 !    WARNING: Unable to verify SSL certificate for api.heroku.com
 !    To disable SSL verification, run with HEROKU_SSL_VERIFY=disable
4) dodalem: export HEROKU_SSL_VERIFY=disable do pliku .bashrc
5) kuba@traktor:~/rails_projekty/foobar$ source ~/.bashrc 
6) kuba@traktor:~/rails_projekty/foobar$ heroku keys:add
Enter your Heroku credentials.
Email: slunzok@gmail.com
Password: 
Found existing public key: /home/kuba/.ssh/id_rsa.pub
Uploading ssh public key /home/kuba/.ssh/id_rsa.pub
7) kuba@traktor:~/rails_projekty/foobar$ heroku create
Creating falling-leaf-9353... done, stack is bamboo-mri-1.9.2
http://falling-leaf-9353.heroku.com/ | git@heroku.com:falling-leaf-9353.git
Git remote heroku added
8) kuba@traktor:~/rails_projekty/foobar$ git push heroku master
The authenticity of host 'heroku.com (50.19.85.132)' can't be established.
RSA key fingerprint is 8b:48:5e:67:0e:c9:16:47:32:f2:87:0c:1f:c8:60:ad.
Are you sure you want to continue connecting (yes/no)? yes
Warning: Permanently added 'heroku.com,50.19.85.132' (RSA) to the list of known hosts.
Counting objects: 66, done.
Compressing objects: 100% (50/50), done.
Writing objects: 100% (66/66), 25.37 KiB, done.
Total 66 (delta 3), reused 0 (delta 0)

-----> Heroku receiving push
-----> Ruby/Rails app detected
-----> Detected Rails is not set to serve static_assets
       Installing rails3_serve_static_assets... done
-----> Configure Rails 3 to disable x-sendfile
       Installing rails3_disable_x_sendfile... done
-----> Configure Rails to log to stdout
       Installing rails_log_stdout... done
-----> Gemfile detected, running Bundler version 1.0.7
       Unresolved dependencies detected; Installing...
       Using --without development:test
       Fetching source index for http://rubygems.org/
       Installing rake (0.9.2.2) 
       Installing multi_json (1.0.4) 
       Installing activesupport (3.1.3) 
       Installing builder (3.0.0) 
       Installing i18n (0.6.0) 
       Installing activemodel (3.1.3) 
       Installing erubis (2.7.0) 
       Installing rack (1.3.5) 
       Installing rack-cache (1.1) 
       Installing rack-mount (0.8.3) 
       Installing rack-test (0.6.1) 
       Installing hike (1.2.1) 
       Installing tilt (1.3.3) 
       Installing sprockets (2.0.3) 
       Installing actionpack (3.1.3) 
       Installing mime-types (1.17.2) 
       Installing polyglot (0.3.3) 
       Installing treetop (1.4.10) 
       Installing mail (2.3.0) 
       Installing actionmailer (3.1.3) 
       Installing arel (2.2.1) 
       Installing tzinfo (0.3.31) 
       Installing activerecord (3.1.3) 
       Installing activeresource (3.1.3) 
       Installing haml (3.1.4) 
       Installing json (1.6.4) with native extensions 
       Installing rack-ssl (1.3.2) 
       Using bundler (1.0.7) 
       Installing rdoc (3.12) 
       Installing thor (0.14.6) 
       Installing railties (3.1.3) 
       Installing rails (3.1.3) 
       Installing sqlite3 (1.3.5) with native extensions 
       Your bundle is complete! It was installed into ./.bundle/gems/
-----> Compiled slug size is 6.4MB
-----> Launching... done, v4
       http://falling-leaf-9353.heroku.com deployed to Heroku

To git@heroku.com:falling-leaf-9353.git
 * [new branch]      master -> master

9) kuba@traktor:~/rails_projekty/foobar$ heroku open
Opening http://falling-leaf-9353.heroku.com/


